// Jest Snapshot v1, https://goo.gl/fbAQLP

exports[`Hero Snapshot Comprobar la UI del componente Hero 1`] = `
<div
  className="Hero"
>
  <h1>
    Soluciones corporativas
  </h1>
  <h2>
    Lorem ipsum dolor sit amet, consectetuer adipiscing elit
  </h2>
</div>
`;
